// Jest Snapshot v1, https://goo.gl/fbAQLP

exports[`CharacterCard renders correctly 1`] = `
<div
  className="css-1a2x920"
>
  <span
    style={
      {
        "background": "none",
        "border": 0,
        "boxSizing": "border-box",
        "display": "inline-block",
        "height": "initial",
        "margin": 0,
        "maxWidth": "100%",
        "opacity": 1,
        "overflow": "hidden",
        "padding": 0,
        "position": "relative",
        "width": "initial",
      }
    }
  >
    <span
      style={
        {
          "background": "none",
          "border": 0,
          "boxSizing": "border-box",
          "display": "block",
          "height": "initial",
          "margin": 0,
          "maxWidth": "100%",
          "opacity": 1,
          "padding": 0,
          "width": "initial",
        }
      }
    >
      <img
        alt=""
        aria-hidden={true}
        src="data:image/svg+xml,%3csvg%20xmlns=%27http://www.w3.org/2000/svg%27%20version=%271.1%27%20width=%27250%27%20height=%27225%27/%3e"
        style={
          {
            "background": "none",
            "border": 0,
            "display": "block",
            "height": "initial",
            "margin": 0,
            "maxWidth": "100%",
            "opacity": 1,
            "padding": 0,
            "width": "initial",
          }
        }
      />
    </span>
    <img
      alt="Rick"
      data-nimg="intrinsic"
      decoding="async"
      onError={[Function]}
      onLoad={[Function]}
      src="data:image/gif;base64,R0lGODlhAQABAIAAAAAAAP///yH5BAEAAAAALAAAAAABAAEAAAIBRAA7"
      style={
        {
          "border": "none",
          "bottom": 0,
          "boxSizing": "border-box",
          "display": "block",
          "height": 0,
          "left": 0,
          "margin": "auto",
          "maxHeight": "100%",
          "maxWidth": "100%",
          "minHeight": "100%",
          "minWidth": "100%",
          "objectFit": undefined,
          "objectPosition": undefined,
          "padding": 0,
          "position": "absolute",
          "right": 0,
          "top": 0,
          "width": 0,
        }
      }
    />
    <noscript>
      <img
        alt="Rick"
        data-nimg="intrinsic"
        decoding="async"
        loading="lazy"
        src="/_next/image?url=https%3A%2F%2Ftest.com%2Frick.png&w=640&q=75"
        srcSet="/_next/image?url=https%3A%2F%2Ftest.com%2Frick.png&w=256&q=75 1x, /_next/image?url=https%3A%2F%2Ftest.com%2Frick.png&w=640&q=75 2x"
        style={
          {
            "border": "none",
            "bottom": 0,
            "boxSizing": "border-box",
            "display": "block",
            "height": 0,
            "left": 0,
            "margin": "auto",
            "maxHeight": "100%",
            "maxWidth": "100%",
            "minHeight": "100%",
            "minWidth": "100%",
            "objectFit": undefined,
            "objectPosition": undefined,
            "padding": 0,
            "position": "absolute",
            "right": 0,
            "top": 0,
            "width": 0,
          }
        }
      />
    </noscript>
  </span>
  <h3
    className="css-120stqy"
  >
    <a>
      Rick
    </a>
  </h3>
  <button
    className="chakra-button css-196aufa"
    type="button"
  >
    <a
      href="/characters/1"
      onClick={[Function]}
      onMouseEnter={[Function]}
      onTouchStart={[Function]}
    >
      Read more
    </a>
  </button>
</div>
`;

exports[`Link renders correctly 1`] = `
<div
  className="css-1a2x920"
>
  <span
    style={
      {
        "background": "none",
        "border": 0,
        "boxSizing": "border-box",
        "display": "inline-block",
        "height": "initial",
        "margin": 0,
        "maxWidth": "100%",
        "opacity": 1,
        "overflow": "hidden",
        "padding": 0,
        "position": "relative",
        "width": "initial",
      }
    }
  >
    <span
      style={
        {
          "background": "none",
          "border": 0,
          "boxSizing": "border-box",
          "display": "block",
          "height": "initial",
          "margin": 0,
          "maxWidth": "100%",
          "opacity": 1,
          "padding": 0,
          "width": "initial",
        }
      }
    >
      <img
        alt=""
        aria-hidden={true}
        src="data:image/svg+xml,%3csvg%20xmlns=%27http://www.w3.org/2000/svg%27%20version=%271.1%27%20width=%27250%27%20height=%27225%27/%3e"
        style={
          {
            "background": "none",
            "border": 0,
            "display": "block",
            "height": "initial",
            "margin": 0,
            "maxWidth": "100%",
            "opacity": 1,
            "padding": 0,
            "width": "initial",
          }
        }
      />
    </span>
    <img
      alt="Rick"
      data-nimg="intrinsic"
      decoding="async"
      onError={[Function]}
      onLoad={[Function]}
      src="data:image/gif;base64,R0lGODlhAQABAIAAAAAAAP///yH5BAEAAAAALAAAAAABAAEAAAIBRAA7"
      style={
        {
          "border": "none",
          "bottom": 0,
          "boxSizing": "border-box",
          "display": "block",
          "height": 0,
          "left": 0,
          "margin": "auto",
          "maxHeight": "100%",
          "maxWidth": "100%",
          "minHeight": "100%",
          "minWidth": "100%",
          "objectFit": undefined,
          "objectPosition": undefined,
          "padding": 0,
          "position": "absolute",
          "right": 0,
          "top": 0,
          "width": 0,
        }
      }
    />
    <noscript>
      <img
        alt="Rick"
        data-nimg="intrinsic"
        decoding="async"
        loading="lazy"
        src="/_next/image?url=https%3A%2F%2Ftest.com%2Frick.png&w=640&q=75"
        srcSet="/_next/image?url=https%3A%2F%2Ftest.com%2Frick.png&w=256&q=75 1x, /_next/image?url=https%3A%2F%2Ftest.com%2Frick.png&w=640&q=75 2x"
        style={
          {
            "border": "none",
            "bottom": 0,
            "boxSizing": "border-box",
            "display": "block",
            "height": 0,
            "left": 0,
            "margin": "auto",
            "maxHeight": "100%",
            "maxWidth": "100%",
            "minHeight": "100%",
            "minWidth": "100%",
            "objectFit": undefined,
            "objectPosition": undefined,
            "padding": 0,
            "position": "absolute",
            "right": 0,
            "top": 0,
            "width": 0,
          }
        }
      />
    </noscript>
  </span>
  <h3
    className="css-120stqy"
  >
    <a>
      Rick
    </a>
  </h3>
  <button
    className="chakra-button css-196aufa"
    type="button"
  >
    <a
      href="/characters/1"
      onClick={[Function]}
      onMouseEnter={[Function]}
      onTouchStart={[Function]}
    >
      Read more
    </a>
  </button>
</div>
`;
